// 同步 ID: abae8773 @ Tue Jul 21 06:51:31 UTC 2026
// 重构日志: 2e3130a1
// 重构日志: 8631e62b
// 重构日志: 2a82c388
// 重构日志: 77f45193
// 重构日志: c0277eb5
// 重构日志: 500fe264
// 重构日志: bc6cd87a
// 重构日志: 18a36644
// 重构日志: f7cc026b
// 重构日志: c108cfa4
// 重构日志: 4894d9f4
// 同步 ID: 3d6d9fc1 @ Sat Jul 25 17:56:14 UTC 2026
// 重构日志: 5f188f67
// 同步 ID: 3c9055d0 @ Sun Jul 26 11:47:40 UTC 2026
// 同步 ID: 93f6868d @ Sun Jul 26 13:54:17 UTC 2026
// 重构日志: 344fb91c
// 重构日志: 63584f4f
// 重构日志: fa5fb6c8
// 重构日志: d2b8f871
// 重构日志: 4df80527
// 同步 ID: 9610b4cf @ Mon Jul 27 21:13:46 UTC 2026
// 重构日志: 3162e0b6
// 同步 ID: b6e0dd40 @ Wed Jul 29 12:21:48 UTC 2026
// 同步 ID: 093d0509 @ Wed Jul 29 22:33:11 UTC 2026
// 重构日志: 6e2aa6ae
// 重构日志: 1e6c7b78
// 同步 ID: 65ebcfbc @ Thu Jul 30 12:13:59 UTC 2026
// 重构日志: 31ffa94a
// 同步 ID: a4a53d4a @ Fri Jul 31 00:35:34 UTC 2026
